Watching for file changes with StatReloader
Watching for file changes with StatReloader
"GET / HTTP/1.1" 200 2747
"GET /logout/ HTTP/1.1" 302 0
"GET /login/ HTTP/1.1" 200 1196
"GET / HTTP/1.1" 302 0
"GET /login/?next=/ HTTP/1.1" 200 1196
"POST /login/?next=/ HTTP/1.1" 302 0
"GET /login/ HTTP/1.1" 200 1351
"POST /login/ HTTP/1.1" 302 0
"GET / HTTP/1.1" 200 2747
"GET /create/ HTTP/1.1" 200 4240
"GET /captcha/image/005fb063a0a8dc7d3bf1312fb6a70263ac3acfaa/ HTTP/1.1" 200 4061
Internal Server Error: /create/
Traceback (most recent call last):
  File "C:\Users\USER\Desktop\ISAMM\msibet hyaty 5\web_project\env\Lib\site-packages\django\core\handlers\exception.py", line 55, in inner
    response = get_response(request)
               ^^^^^^^^^^^^^^^^^^^^^
  File "C:\Users\USER\Desktop\ISAMM\msibet hyaty 5\web_project\env\Lib\site-packages\django\core\handlers\base.py", line 197, in _get_response
    response = wrapped_callback(request, *callback_args, **callback_kwargs)
               ^^^^^^^^^^^^^^^^^^^^^^^^^^^^^^^^^^^^^^^^^^^^^^^^^^^^^^^^^^^^
  File "C:\Users\USER\Desktop\ISAMM\msibet hyaty 5\web_project\AuthenticationProject\Core\views.py", line 209, in product_create_view
    form.save()  # Save the instance to the database
    ^^^^^^^^^^^
  File "C:\Users\USER\Desktop\ISAMM\msibet hyaty 5\web_project\AuthenticationProject\Core\forms.py", line 45, in save
    product.save()  # Save the instance to the database
    ^^^^^^^^^^^^^^
  File "C:\Users\USER\Desktop\ISAMM\msibet hyaty 5\web_project\env\Lib\site-packages\django\db\models\base.py", line 891, in save
    self.save_base(
  File "C:\Users\USER\Desktop\ISAMM\msibet hyaty 5\web_project\env\Lib\site-packages\django\db\models\base.py", line 1012, in save_base
    post_save.send(
  File "C:\Users\USER\Desktop\ISAMM\msibet hyaty 5\web_project\env\Lib\site-packages\django\dispatch\dispatcher.py", line 189, in send
    response = receiver(signal=self, sender=sender, **named)
               ^^^^^^^^^^^^^^^^^^^^^^^^^^^^^^^^^^^^^^^^^^^^^
  File "C:\Users\USER\Desktop\ISAMM\msibet hyaty 5\web_project\AuthenticationProject\Core\signals.py", line 33, in product_created_handler
    logger.info(f"New product '{instance.name}' (ID: {instance.id}) created at {now()}")
                                                      ^^^^^^^^^^^
AttributeError: 'Product' object has no attribute 'id'
"POST /create/ HTTP/1.1" 500 96947
INFO 2024-12-01 11:13:45,539 autoreload Watching for file changes with StatReloader
INFO 2024-12-01 11:13:49,010 autoreload Watching for file changes with StatReloader
INFO 2024-12-01 11:13:52,081 views User 'douda' accessed the home page.
INFO 2024-12-01 11:13:52,100 basehttp "GET / HTTP/1.1" 200 2747
INFO 2024-12-01 11:13:57,670 views Accessed product creation view.
INFO 2024-12-01 11:13:57,713 basehttp "GET /create/ HTTP/1.1" 200 4240
INFO 2024-12-01 11:13:57,785 basehttp "GET /captcha/image/996db3400cdbb92cabbe583b8950c7325dc8a8d1/ HTTP/1.1" 200 3834
INFO 2024-12-01 11:14:02,189 views Accessed product list view.
INFO 2024-12-01 11:14:02,221 basehttp "GET /list/ HTTP/1.1" 200 4975
INFO 2024-12-01 11:14:05,302 views Accessed product delete view for product_id: 1.
INFO 2024-12-01 11:14:05,315 basehttp "GET /delete/1/ HTTP/1.1" 200 2736
INFO 2024-12-01 11:14:06,934 views Accessed product delete view for product_id: 1.
INFO 2024-12-01 11:14:06,962 views Product with product_id: 1 deleted successfully.
INFO 2024-12-01 11:14:06,966 basehttp "POST /delete/1/ HTTP/1.1" 302 0
INFO 2024-12-01 11:14:06,978 views Accessed product list view.
INFO 2024-12-01 11:14:06,997 basehttp "GET /list/ HTTP/1.1" 200 4548
INFO 2024-12-01 11:15:12,174 views User 'douda' logged out.
INFO 2024-12-01 11:15:12,235 basehttp "GET /logout/ HTTP/1.1" 302 0
INFO 2024-12-01 11:15:12,242 basehttp "GET /login/ HTTP/1.1" 200 1196
INFO 2024-12-01 11:44:31,823 autoreload C:\Users\USER\Desktop\ISAMM\msibet hyaty 5\web_project\AuthenticationProject\Core\models.py changed, reloading.
INFO 2024-12-01 11:44:33,091 autoreload Watching for file changes with StatReloader
INFO 2024-12-01 11:47:32,742 autoreload Watching for file changes with StatReloader
INFO 2024-12-01 11:47:34,566 basehttp "GET / HTTP/1.1" 302 0
INFO 2024-12-01 11:47:34,595 basehttp "GET /login/?next=/ HTTP/1.1" 200 1196
INFO 2024-12-01 11:47:41,239 basehttp "GET /admin/ HTTP/1.1" 302 0
INFO 2024-12-01 11:47:41,332 basehttp "GET /admin/login/?next=/admin/ HTTP/1.1" 200 4160
INFO 2024-12-01 11:47:49,150 basehttp "POST /admin/login/?next=/admin/ HTTP/1.1" 302 0
INFO 2024-12-01 11:47:49,180 basehttp "GET /admin/ HTTP/1.1" 200 7291
INFO 2024-12-01 11:48:07,955 basehttp "GET /admin/auth/group/ HTTP/1.1" 200 8575
INFO 2024-12-01 11:48:07,977 basehttp "GET /static/admin/img/search.svg HTTP/1.1" 304 0
INFO 2024-12-01 11:48:08,001 basehttp "GET /admin/jsi18n/ HTTP/1.1" 200 3342
INFO 2024-12-01 11:50:23,858 basehttp "GET /admin/auth/group/add/ HTTP/1.1" 200 13151
INFO 2024-12-01 11:50:23,890 basehttp "GET /admin/jsi18n/ HTTP/1.1" 200 3342
INFO 2024-12-01 11:50:23,981 basehttp "GET /static/admin/js/SelectFilter2.js HTTP/1.1" 200 15502
INFO 2024-12-01 11:50:23,982 basehttp "GET /static/admin/js/SelectBox.js HTTP/1.1" 200 4530
INFO 2024-12-01 11:50:24,026 basehttp "GET /static/admin/img/icon-unknown-alt.svg HTTP/1.1" 200 655
INFO 2024-12-01 11:50:24,026 basehttp "GET /static/admin/img/icon-unknown.svg HTTP/1.1" 200 655
INFO 2024-12-01 11:50:24,027 basehttp "GET /static/admin/img/selector-icons.svg HTTP/1.1" 200 3291
INFO 2024-12-01 11:52:09,685 autoreload C:\Users\USER\Desktop\ISAMM\msibet hyaty 5\web_project\AuthenticationProject\Core\models.py changed, reloading.
INFO 2024-12-01 11:52:10,418 autoreload Watching for file changes with StatReloader
INFO 2024-12-01 11:54:41,559 autoreload Watching for file changes with StatReloader
INFO 2024-12-01 11:54:43,837 basehttp "GET /admin/auth/user/ HTTP/1.1" 200 14470
INFO 2024-12-01 11:54:43,874 basehttp "GET /admin/jsi18n/ HTTP/1.1" 200 3342
INFO 2024-12-01 11:54:43,875 basehttp "GET /static/admin/img/icon-no.svg HTTP/1.1" 304 0
INFO 2024-12-01 11:54:44,151 basehttp "GET /static/admin/img/icon-yes.svg HTTP/1.1" 304 0
INFO 2024-12-01 11:54:44,190 basehttp "GET /static/admin/img/sorting-icons.svg HTTP/1.1" 304 0
INFO 2024-12-01 11:54:44,191 basehttp "GET /static/admin/img/icon-viewlink.svg HTTP/1.1" 304 0
INFO 2024-12-01 11:55:06,233 basehttp "GET /admin/ HTTP/1.1" 200 7291
INFO 2024-12-01 11:55:08,216 views User 'admin' accessed the home page.
INFO 2024-12-01 11:55:08,245 basehttp "GET / HTTP/1.1" 200 2747
INFO 2024-12-01 11:55:22,491 views Accessed product list view.
INFO 2024-12-01 11:55:22,507 basehttp "GET /list/ HTTP/1.1" 200 4548
INFO 2024-12-01 11:55:29,841 views Accessed product delete view for product_id: 4.
INFO 2024-12-01 11:55:29,883 basehttp "GET /delete/4/ HTTP/1.1" 200 2736
INFO 2024-12-01 11:55:31,598 views Accessed product delete view for product_id: 4.
INFO 2024-12-01 11:55:31,608 views Product with product_id: 4 deleted successfully.
INFO 2024-12-01 11:55:31,609 basehttp "POST /delete/4/ HTTP/1.1" 302 0
INFO 2024-12-01 11:55:31,614 views Accessed product list view.
INFO 2024-12-01 11:55:31,621 basehttp "GET /list/ HTTP/1.1" 200 4114
INFO 2024-12-01 11:55:33,168 views Accessed product delete view for product_id: 2.
INFO 2024-12-01 11:55:33,173 basehttp "GET /delete/2/ HTTP/1.1" 200 2736
INFO 2024-12-01 11:55:34,222 views Accessed product delete view for product_id: 2.
INFO 2024-12-01 11:55:34,325 views Product with product_id: 2 deleted successfully.
INFO 2024-12-01 11:55:34,337 basehttp "POST /delete/2/ HTTP/1.1" 302 0
INFO 2024-12-01 11:55:34,350 views Accessed product list view.
INFO 2024-12-01 11:55:34,358 basehttp "GET /list/ HTTP/1.1" 200 3682
INFO 2024-12-01 11:55:35,584 views Accessed product delete view for product_id: 3.
INFO 2024-12-01 11:55:35,606 basehttp "GET /delete/3/ HTTP/1.1" 200 2736
INFO 2024-12-01 11:55:37,824 views Accessed product delete view for product_id: 3.
INFO 2024-12-01 11:55:37,853 views Product with product_id: 3 deleted successfully.
INFO 2024-12-01 11:55:37,857 basehttp "POST /delete/3/ HTTP/1.1" 302 0
INFO 2024-12-01 11:55:37,870 views Accessed product list view.
INFO 2024-12-01 11:55:37,886 basehttp "GET /list/ HTTP/1.1" 200 3252
INFO 2024-12-01 11:55:39,348 views Accessed product delete view for product_id: 5.
INFO 2024-12-01 11:55:39,359 basehttp "GET /delete/5/ HTTP/1.1" 200 2736
INFO 2024-12-01 11:55:40,593 views Accessed product delete view for product_id: 5.
INFO 2024-12-01 11:55:40,619 views Product with product_id: 5 deleted successfully.
INFO 2024-12-01 11:55:40,623 basehttp "POST /delete/5/ HTTP/1.1" 302 0
INFO 2024-12-01 11:55:40,637 views Accessed product list view.
INFO 2024-12-01 11:55:40,652 basehttp "GET /list/ HTTP/1.1" 200 2822
INFO 2024-12-01 11:55:56,054 autoreload Watching for file changes with StatReloader
INFO 2024-12-01 11:56:14,336 basehttp "GET /admin/ HTTP/1.1" 200 7291
INFO 2024-12-01 11:56:40,396 basehttp "GET /admin/auth/group/ HTTP/1.1" 200 8575
INFO 2024-12-01 11:56:40,488 basehttp "GET /admin/jsi18n/ HTTP/1.1" 200 3342
INFO 2024-12-01 11:56:42,525 basehttp "GET /admin/auth/group/add/ HTTP/1.1" 200 13417
INFO 2024-12-01 11:56:42,548 basehttp "GET /admin/jsi18n/ HTTP/1.1" 200 3342
INFO 2024-12-01 11:59:57,107 basehttp "POST /admin/auth/group/add/ HTTP/1.1" 302 0
INFO 2024-12-01 11:59:57,122 basehttp "GET /admin/auth/group/add/ HTTP/1.1" 200 13649
INFO 2024-12-01 11:59:57,141 basehttp "GET /admin/jsi18n/ HTTP/1.1" 200 3342
INFO 2024-12-01 12:00:32,486 basehttp "POST /admin/auth/group/add/ HTTP/1.1" 302 0
INFO 2024-12-01 12:00:32,505 basehttp "GET /admin/auth/group/add/ HTTP/1.1" 200 13659
INFO 2024-12-01 12:00:32,531 basehttp "GET /admin/jsi18n/ HTTP/1.1" 200 3342
INFO 2024-12-01 12:01:03,601 basehttp "POST /admin/auth/group/add/ HTTP/1.1" 302 0
INFO 2024-12-01 12:01:03,622 basehttp "GET /admin/auth/group/add/ HTTP/1.1" 200 13661
INFO 2024-12-01 12:01:03,658 basehttp "GET /admin/jsi18n/ HTTP/1.1" 200 3342
INFO 2024-12-01 12:01:27,273 basehttp "POST /admin/auth/group/add/ HTTP/1.1" 302 0
INFO 2024-12-01 12:01:27,346 basehttp "GET /admin/auth/group/ HTTP/1.1" 200 10906
INFO 2024-12-01 12:01:27,401 basehttp "GET /admin/jsi18n/ HTTP/1.1" 200 3342
INFO 2024-12-01 12:01:54,119 basehttp "GET /admin/auth/user/ HTTP/1.1" 200 14994
INFO 2024-12-01 12:01:54,151 basehttp "GET /admin/jsi18n/ HTTP/1.1" 200 3342
INFO 2024-12-01 12:02:03,516 basehttp "GET /admin/auth/user/5/change/ HTTP/1.1" 200 23680
INFO 2024-12-01 12:02:03,541 basehttp "GET /admin/jsi18n/ HTTP/1.1" 200 3342
INFO 2024-12-01 12:02:03,629 basehttp "GET /static/admin/js/calendar.js HTTP/1.1" 200 9141
INFO 2024-12-01 12:02:03,630 basehttp "GET /static/admin/js/admin/DateTimeShortcuts.js HTTP/1.1" 200 19319
INFO 2024-12-01 12:02:03,666 basehttp "GET /static/admin/img/icon-clock.svg HTTP/1.1" 200 677
INFO 2024-12-01 12:02:03,667 basehttp "GET /static/admin/img/icon-calendar.svg HTTP/1.1" 200 1086
INFO 2024-12-01 12:02:33,670 basehttp "POST /admin/auth/user/5/change/ HTTP/1.1" 302 0
INFO 2024-12-01 12:02:33,686 basehttp "GET /admin/auth/user/ HTTP/1.1" 200 15187
INFO 2024-12-01 12:02:33,703 basehttp "GET /admin/jsi18n/ HTTP/1.1" 200 3342
INFO 2024-12-01 12:06:04,765 autoreload C:\Users\USER\Desktop\ISAMM\msibet hyaty 5\web_project\AuthenticationProject\Core\views.py changed, reloading.
INFO 2024-12-01 12:06:05,650 autoreload Watching for file changes with StatReloader
INFO 2024-12-01 12:07:05,435 autoreload C:\Users\USER\Desktop\ISAMM\msibet hyaty 5\web_project\AuthenticationProject\Core\admin.py changed, reloading.
INFO 2024-12-01 12:07:06,129 autoreload Watching for file changes with StatReloader
INFO 2024-12-01 12:08:10,127 autoreload Watching for file changes with StatReloader
INFO 2024-12-01 12:08:14,090 views User 'admin' accessed the home page.
INFO 2024-12-01 12:08:14,102 basehttp "GET / HTTP/1.1" 200 2747
INFO 2024-12-01 12:08:17,327 views User 'admin' logged out.
INFO 2024-12-01 12:08:17,355 basehttp "GET /logout/ HTTP/1.1" 302 0
INFO 2024-12-01 12:08:17,362 basehttp "GET /login/ HTTP/1.1" 200 1196
INFO 2024-12-01 12:08:19,785 basehttp "GET /register/ HTTP/1.1" 200 1764
WARNING 2024-12-01 12:08:49,248 views Registration failed: Password validation failed for username 'moh123'.
INFO 2024-12-01 12:08:49,257 basehttp "POST /register/ HTTP/1.1" 302 0
INFO 2024-12-01 12:08:49,291 basehttp "GET /register/ HTTP/1.1" 200 1960
INFO 2024-12-01 12:09:25,173 views New user registered: Username 'moh123', Email 'moh@gmail.com'.
INFO 2024-12-01 12:09:25,174 basehttp "POST /register/ HTTP/1.1" 302 0
INFO 2024-12-01 12:09:25,178 basehttp "GET /login/ HTTP/1.1" 200 1353
INFO 2024-12-01 12:09:39,144 views User 'moh123' successfully logged in.
INFO 2024-12-01 12:09:39,156 basehttp "POST /login/ HTTP/1.1" 302 0
INFO 2024-12-01 12:09:39,164 views User 'moh123' accessed the home page.
INFO 2024-12-01 12:09:39,165 basehttp "GET / HTTP/1.1" 200 2747
WARNING 2024-12-01 12:09:43,721 log Forbidden (Permission denied): /create/
Traceback (most recent call last):
  File "C:\Users\USER\Desktop\ISAMM\msibet hyaty 5\web_project\env\Lib\site-packages\django\core\handlers\exception.py", line 55, in inner
    response = get_response(request)
               ^^^^^^^^^^^^^^^^^^^^^
  File "C:\Users\USER\Desktop\ISAMM\msibet hyaty 5\web_project\env\Lib\site-packages\django\core\handlers\base.py", line 197, in _get_response
    response = wrapped_callback(request, *callback_args, **callback_kwargs)
               ^^^^^^^^^^^^^^^^^^^^^^^^^^^^^^^^^^^^^^^^^^^^^^^^^^^^^^^^^^^^
  File "C:\Users\USER\Desktop\ISAMM\msibet hyaty 5\web_project\AuthenticationProject\Core\views.py", line 233, in product_create_view
    raise PermissionDenied("You do not have permission to create products.")
django.core.exceptions.PermissionDenied: You do not have permission to create products.
WARNING 2024-12-01 12:09:43,769 basehttp "GET /create/ HTTP/1.1" 403 135
INFO 2024-12-01 12:09:48,728 views Accessed product list view.
INFO 2024-12-01 12:09:48,732 basehttp "GET /list/ HTTP/1.1" 200 2822
WARNING 2024-12-01 12:09:52,704 log Forbidden (Permission denied): /create/
Traceback (most recent call last):
  File "C:\Users\USER\Desktop\ISAMM\msibet hyaty 5\web_project\env\Lib\site-packages\django\core\handlers\exception.py", line 55, in inner
    response = get_response(request)
               ^^^^^^^^^^^^^^^^^^^^^
  File "C:\Users\USER\Desktop\ISAMM\msibet hyaty 5\web_project\env\Lib\site-packages\django\core\handlers\base.py", line 197, in _get_response
    response = wrapped_callback(request, *callback_args, **callback_kwargs)
               ^^^^^^^^^^^^^^^^^^^^^^^^^^^^^^^^^^^^^^^^^^^^^^^^^^^^^^^^^^^^
  File "C:\Users\USER\Desktop\ISAMM\msibet hyaty 5\web_project\AuthenticationProject\Core\views.py", line 233, in product_create_view
    raise PermissionDenied("You do not have permission to create products.")
django.core.exceptions.PermissionDenied: You do not have permission to create products.
WARNING 2024-12-01 12:09:52,710 basehttp "GET /create/ HTTP/1.1" 403 135
INFO 2024-12-01 12:10:03,766 basehttp "GET /admin/ HTTP/1.1" 302 0
INFO 2024-12-01 12:10:03,821 basehttp "GET /admin/login/?next=/admin/ HTTP/1.1" 200 3675
INFO 2024-12-01 12:10:12,794 basehttp "POST /admin/login/?next=/admin/ HTTP/1.1" 302 0
INFO 2024-12-01 12:10:12,817 basehttp "GET /admin/ HTTP/1.1" 200 9069
INFO 2024-12-01 12:10:18,288 basehttp "GET /admin/auth/user/ HTTP/1.1" 200 15464
INFO 2024-12-01 12:10:18,315 basehttp "GET /admin/jsi18n/ HTTP/1.1" 200 3342
INFO 2024-12-01 12:10:22,096 basehttp "GET /admin/auth/user/7/change/ HTTP/1.1" 200 23686
INFO 2024-12-01 12:10:22,162 basehttp "GET /admin/jsi18n/ HTTP/1.1" 200 3342
INFO 2024-12-01 12:10:30,495 basehttp "POST /admin/auth/user/7/change/ HTTP/1.1" 302 0
INFO 2024-12-01 12:10:30,514 basehttp "GET /admin/auth/user/ HTTP/1.1" 200 15658
INFO 2024-12-01 12:10:30,533 basehttp "GET /admin/jsi18n/ HTTP/1.1" 200 3342
INFO 2024-12-01 12:10:35,312 views User 'admin' accessed the home page.
INFO 2024-12-01 12:10:35,315 basehttp "GET / HTTP/1.1" 200 2747
INFO 2024-12-01 12:10:37,555 views Accessed product creation view.
INFO 2024-12-01 12:10:37,632 basehttp "GET /create/ HTTP/1.1" 200 4240
INFO 2024-12-01 12:10:37,708 basehttp "GET /captcha/image/0680c659cc69a52bcbde28347043c89736e845a9/ HTTP/1.1" 200 3997
INFO 2024-12-01 12:19:28,131 autoreload Watching for file changes with StatReloader
INFO 2024-12-01 12:19:30,571 views User 'admin' accessed the home page.
INFO 2024-12-01 12:19:30,592 basehttp "GET / HTTP/1.1" 200 2747
INFO 2024-12-01 12:19:39,868 basehttp "GET /admin/ HTTP/1.1" 200 9412
INFO 2024-12-01 12:19:44,951 basehttp "GET /admin/auth/user/ HTTP/1.1" 200 15464
INFO 2024-12-01 12:19:44,975 basehttp "GET /admin/jsi18n/ HTTP/1.1" 200 3342
INFO 2024-12-01 12:19:47,583 basehttp "GET /admin/auth/user/7/change/ HTTP/1.1" 200 23695
INFO 2024-12-01 12:19:47,608 basehttp "GET /admin/jsi18n/ HTTP/1.1" 200 3342
INFO 2024-12-01 12:20:00,700 basehttp "POST /admin/auth/user/7/change/ HTTP/1.1" 302 0
INFO 2024-12-01 12:20:00,721 basehttp "GET /admin/auth/user/ HTTP/1.1" 200 15658
INFO 2024-12-01 12:20:00,753 basehttp "GET /admin/jsi18n/ HTTP/1.1" 200 3342
INFO 2024-12-01 12:20:06,735 basehttp "GET /admin/ HTTP/1.1" 200 9755
INFO 2024-12-01 12:20:07,297 views User 'admin' accessed the home page.
INFO 2024-12-01 12:20:07,299 basehttp "GET / HTTP/1.1" 200 2747
INFO 2024-12-01 12:20:11,903 views Accessed product creation view.
INFO 2024-12-01 12:20:11,998 basehttp "GET /create/ HTTP/1.1" 200 4240
INFO 2024-12-01 12:20:12,077 basehttp "GET /captcha/image/83e81e9c00110188a93853622def345c253aa7c1/ HTTP/1.1" 200 4199
INFO 2024-12-01 12:20:16,704 views Accessed product list view.
INFO 2024-12-01 12:20:16,714 basehttp "GET /list/ HTTP/1.1" 200 2822
INFO 2024-12-01 12:20:19,193 views User 'admin' logged out.
INFO 2024-12-01 12:20:19,251 basehttp "GET /logout/ HTTP/1.1" 302 0
INFO 2024-12-01 12:20:19,257 basehttp "GET /login/ HTTP/1.1" 200 1196
INFO 2024-12-01 12:20:22,743 basehttp "GET /login/ HTTP/1.1" 200 1196
INFO 2024-12-01 12:20:29,771 autoreload Watching for file changes with StatReloader
INFO 2024-12-01 12:20:38,431 basehttp "GET /admin/auth/user/7/change/ HTTP/1.1" 302 0
INFO 2024-12-01 12:20:38,497 basehttp "GET /admin/login/?next=/admin/auth/user/7/change/ HTTP/1.1" 200 4198
INFO 2024-12-01 12:20:45,010 basehttp "POST /admin/login/?next=/admin/auth/user/7/change/ HTTP/1.1" 302 0
INFO 2024-12-01 12:20:45,088 basehttp "GET /admin/auth/user/7/change/ HTTP/1.1" 200 23695
INFO 2024-12-01 12:20:45,132 basehttp "GET /admin/jsi18n/ HTTP/1.1" 200 3342
INFO 2024-12-01 12:21:06,291 basehttp "POST /admin/auth/user/7/change/ HTTP/1.1" 302 0
INFO 2024-12-01 12:21:06,334 basehttp "GET /admin/auth/user/ HTTP/1.1" 200 15658
INFO 2024-12-01 12:21:06,362 basehttp "GET /admin/jsi18n/ HTTP/1.1" 200 3342
INFO 2024-12-01 12:21:10,516 basehttp "GET /admin/auth/user/7/change/ HTTP/1.1" 200 23695
INFO 2024-12-01 12:21:10,544 basehttp "GET /admin/jsi18n/ HTTP/1.1" 200 3342
INFO 2024-12-01 12:21:15,160 basehttp "POST /admin/auth/user/7/change/ HTTP/1.1" 302 0
INFO 2024-12-01 12:21:15,202 basehttp "GET /admin/auth/user/ HTTP/1.1" 200 15658
INFO 2024-12-01 12:21:15,238 basehttp "GET /admin/jsi18n/ HTTP/1.1" 200 3342
INFO 2024-12-01 12:21:19,561 views User 'admin' accessed the home page.
INFO 2024-12-01 12:21:19,565 basehttp "GET / HTTP/1.1" 200 2747
INFO 2024-12-01 12:21:22,433 views User 'admin' logged out.
INFO 2024-12-01 12:21:22,457 basehttp "GET /logout/ HTTP/1.1" 302 0
INFO 2024-12-01 12:21:22,475 basehttp "GET /login/ HTTP/1.1" 200 1196
INFO 2024-12-01 12:21:37,489 views User 'moh123' successfully logged in.
INFO 2024-12-01 12:21:37,500 basehttp "POST /login/ HTTP/1.1" 302 0
INFO 2024-12-01 12:21:37,509 views User 'moh123' accessed the home page.
INFO 2024-12-01 12:21:37,511 basehttp "GET / HTTP/1.1" 200 2747
INFO 2024-12-01 12:21:40,549 views Accessed product list view.
INFO 2024-12-01 12:21:40,561 basehttp "GET /list/ HTTP/1.1" 200 2822
INFO 2024-12-01 12:21:43,080 basehttp "GET /create/ HTTP/1.1" 200 0
INFO 2024-12-01 12:21:51,904 views Accessed product list view.
INFO 2024-12-01 12:21:51,907 basehttp "GET /list/ HTTP/1.1" 200 2822
INFO 2024-12-01 12:21:53,276 basehttp "GET /create/ HTTP/1.1" 200 0
INFO 2024-12-01 12:22:09,964 basehttp "GET /create/ HTTP/1.1" 200 0
ERROR 2024-12-01 12:23:03,426 log Internal Server Error: /create/
Traceback (most recent call last):
  File "C:\Users\USER\Desktop\ISAMM\msibet hyaty 5\web_project\env\Lib\site-packages\django\template\base.py", line 510, in parse
    compile_func = self.tags[command]
                   ~~~~~~~~~^^^^^^^^^
KeyError: 'static'

During handling of the above exception, another exception occurred:

Traceback (most recent call last):
  File "C:\Users\USER\Desktop\ISAMM\msibet hyaty 5\web_project\env\Lib\site-packages\django\core\handlers\exception.py", line 55, in inner
    response = get_response(request)
               ^^^^^^^^^^^^^^^^^^^^^
  File "C:\Users\USER\Desktop\ISAMM\msibet hyaty 5\web_project\env\Lib\site-packages\django\core\handlers\base.py", line 197, in _get_response
    response = wrapped_callback(request, *callback_args, **callback_kwargs)
               ^^^^^^^^^^^^^^^^^^^^^^^^^^^^^^^^^^^^^^^^^^^^^^^^^^^^^^^^^^^^
  File "C:\Users\USER\Desktop\ISAMM\msibet hyaty 5\web_project\AuthenticationProject\Core\views.py", line 235, in product_create_view
    return access_denied(request)
           ^^^^^^^^^^^^^^^^^^^^^^
  File "C:\Users\USER\Desktop\ISAMM\msibet hyaty 5\web_project\AuthenticationProject\Core\views.py", line 30, in access_denied
    return render(request, 'access_denied.html')
           ^^^^^^^^^^^^^^^^^^^^^^^^^^^^^^^^^^^^^
  File "C:\Users\USER\Desktop\ISAMM\msibet hyaty 5\web_project\env\Lib\site-packages\django\shortcuts.py", line 25, in render
    content = loader.render_to_string(template_name, context, request, using=using)
              ^^^^^^^^^^^^^^^^^^^^^^^^^^^^^^^^^^^^^^^^^^^^^^^^^^^^^^^^^^^^^^^^^^^^^
  File "C:\Users\USER\Desktop\ISAMM\msibet hyaty 5\web_project\env\Lib\site-packages\django\template\loader.py", line 61, in render_to_string
    template = get_template(template_name, using=using)
               ^^^^^^^^^^^^^^^^^^^^^^^^^^^^^^^^^^^^^^^^
  File "C:\Users\USER\Desktop\ISAMM\msibet hyaty 5\web_project\env\Lib\site-packages\django\template\loader.py", line 15, in get_template
    return engine.get_template(template_name)
           ^^^^^^^^^^^^^^^^^^^^^^^^^^^^^^^^^^
  File "C:\Users\USER\Desktop\ISAMM\msibet hyaty 5\web_project\env\Lib\site-packages\django\template\backends\django.py", line 79, in get_template
    return Template(self.engine.get_template(template_name), self)
                    ^^^^^^^^^^^^^^^^^^^^^^^^^^^^^^^^^^^^^^^
  File "C:\Users\USER\Desktop\ISAMM\msibet hyaty 5\web_project\env\Lib\site-packages\django\template\engine.py", line 177, in get_template
    template, origin = self.find_template(template_name)
                       ^^^^^^^^^^^^^^^^^^^^^^^^^^^^^^^^^
  File "C:\Users\USER\Desktop\ISAMM\msibet hyaty 5\web_project\env\Lib\site-packages\django\template\engine.py", line 159, in find_template
    template = loader.get_template(name, skip=skip)
               ^^^^^^^^^^^^^^^^^^^^^^^^^^^^^^^^^^^^
  File "C:\Users\USER\Desktop\ISAMM\msibet hyaty 5\web_project\env\Lib\site-packages\django\template\loaders\cached.py", line 57, in get_template
    template = super().get_template(template_name, skip)
               ^^^^^^^^^^^^^^^^^^^^^^^^^^^^^^^^^^^^^^^^^
  File "C:\Users\USER\Desktop\ISAMM\msibet hyaty 5\web_project\env\Lib\site-packages\django\template\loaders\base.py", line 28, in get_template
    return Template(
           ^^^^^^^^^
  File "C:\Users\USER\Desktop\ISAMM\msibet hyaty 5\web_project\env\Lib\site-packages\django\template\base.py", line 154, in __init__
    self.nodelist = self.compile_nodelist()
                    ^^^^^^^^^^^^^^^^^^^^^^^
  File "C:\Users\USER\Desktop\ISAMM\msibet hyaty 5\web_project\env\Lib\site-packages\django\template\base.py", line 196, in compile_nodelist
    nodelist = parser.parse()
               ^^^^^^^^^^^^^^
  File "C:\Users\USER\Desktop\ISAMM\msibet hyaty 5\web_project\env\Lib\site-packages\django\template\base.py", line 512, in parse
    self.invalid_block_tag(token, command, parse_until)
  File "C:\Users\USER\Desktop\ISAMM\msibet hyaty 5\web_project\env\Lib\site-packages\django\template\base.py", line 573, in invalid_block_tag
    raise self.error(
django.template.exceptions.TemplateSyntaxError: Invalid block tag on line 8: 'static'. Did you forget to register or load this tag?
ERROR 2024-12-01 12:23:03,433 basehttp "GET /create/ HTTP/1.1" 500 145807
INFO 2024-12-01 12:23:49,097 basehttp "GET /create/ HTTP/1.1" 200 579
WARNING 2024-12-01 12:23:49,234 basehttp "GET /static/css/style.css HTTP/1.1" 404 1853
INFO 2024-12-01 12:23:51,539 views User 'moh123' accessed the home page.
INFO 2024-12-01 12:23:51,548 basehttp "GET / HTTP/1.1" 200 2747
INFO 2024-12-01 12:23:53,533 basehttp "GET /create/ HTTP/1.1" 200 579
WARNING 2024-12-01 12:23:53,574 basehttp "GET /static/css/style.css HTTP/1.1" 404 1853
INFO 2024-12-01 12:24:21,601 basehttp "GET /create/ HTTP/1.1" 200 582
WARNING 2024-12-01 12:24:21,670 basehttp "GET /static/styles/style.css HTTP/1.1" 404 1862
INFO 2024-12-01 12:24:24,396 basehttp "GET /create/ HTTP/1.1" 200 582
WARNING 2024-12-01 12:24:24,438 basehttp "GET /static/styles/style.css HTTP/1.1" 404 1862
INFO 2024-12-01 12:25:13,866 autoreload Watching for file changes with StatReloader
INFO 2024-12-01 12:25:16,361 views User 'moh123' accessed the home page.
INFO 2024-12-01 12:25:16,381 basehttp "GET / HTTP/1.1" 200 2747
INFO 2024-12-01 12:25:18,998 basehttp "GET /create/ HTTP/1.1" 200 575
INFO 2024-12-01 12:28:15,162 autoreload Watching for file changes with StatReloader
INFO 2024-12-01 12:28:17,905 views User 'moh123' accessed the home page.
INFO 2024-12-01 12:28:17,924 basehttp "GET / HTTP/1.1" 200 2747
INFO 2024-12-01 12:28:22,203 basehttp "GET /create/ HTTP/1.1" 200 613
WARNING 2024-12-01 12:28:22,246 basehttp "GET /static/css/style.css HTTP/1.1" 404 1853
INFO 2024-12-01 12:28:52,447 basehttp "GET /create/ HTTP/1.1" 200 601
INFO 2024-12-01 12:30:10,745 views User 'moh123' accessed the home page.
INFO 2024-12-01 12:30:10,754 basehttp "GET / HTTP/1.1" 200 2747
INFO 2024-12-01 12:30:13,883 views User 'moh123' logged out.
INFO 2024-12-01 12:30:13,895 basehttp "GET /logout/ HTTP/1.1" 302 0
INFO 2024-12-01 12:30:13,901 basehttp "GET /login/ HTTP/1.1" 200 1196
INFO 2024-12-01 12:32:16,262 basehttp "GET /create/ HTTP/1.1" 200 601
INFO 2024-12-01 12:32:16,465 basehttp "GET /static/style.css HTTP/1.1" 200 2775
INFO 2024-12-01 12:32:25,149 basehttp "GET /create/ HTTP/1.1" 200 601
INFO 2024-12-01 12:32:41,060 basehttp "GET / HTTP/1.1" 302 0
INFO 2024-12-01 12:32:41,083 basehttp "GET /login/?next=/ HTTP/1.1" 200 1196
INFO 2024-12-01 12:32:41,139 basehttp "GET /static/style.css HTTP/1.1" 304 0
